// Jest Snapshot v1, https://goo.gl/fbAQLP

exports[`PlacersDropdownMenu should render correctly 1`] = `
<div>
  <div
    class="placers-dropdown-menu"
    data-testid="placers-dropdown-menu"
  >
    <div
      class="container"
    >
      <div
        class="header"
      >
        <div
          class="header-button"
        />
        <div
          class="header-title"
          data-testid="title"
        >
          placers
        </div>
        <div
          class="header-button"
          data-testid="close-button"
        >
          <svg
            data-testid="close-logo"
            fill="#535357"
            height="20"
            viewBox="0 0 20 20"
            width="20"
            xmlns="http://www.w3.org/2000/svg"
          >
            <path
              d="M16.0675 15.1828C16.1256 15.2409 16.1717 15.3098 16.2031 15.3857C16.2345 15.4616 16.2507 15.5429 16.2507 15.625C16.2507 15.7071 16.2345 15.7885 16.2031 15.8643C16.1717 15.9402 16.1256 16.0091 16.0675 16.0672C16.0095 16.1253 15.9405 16.1713 15.8647 16.2028C15.7888 16.2342 15.7075 16.2504 15.6253 16.2504C15.5432 16.2504 15.4619 16.2342 15.386 16.2028C15.3102 16.1713 15.2412 16.1253 15.1832 16.0672L10.0003 10.8836L4.81753 16.0672C4.70026 16.1845 4.5412 16.2504 4.37535 16.2504C4.2095 16.2504 4.05044 16.1845 3.93316 16.0672C3.81588 15.9499 3.75 15.7909 3.75 15.625C3.75 15.4592 3.81588 15.3001 3.93316 15.1828L9.11675 10L3.93316 4.8172C3.81588 4.69992 3.75 4.54086 3.75 4.37501C3.75 4.20916 3.81588 4.0501 3.93316 3.93282C4.05044 3.81555 4.2095 3.74966 4.37535 3.74966C4.5412 3.74966 4.70026 3.81555 4.81753 3.93282L10.0003 9.11642L15.1832 3.93282C15.3004 3.81555 15.4595 3.74966 15.6253 3.74966C15.7912 3.74966 15.9503 3.81555 16.0675 3.93282C16.1848 4.0501 16.2507 4.20916 16.2507 4.37501C16.2507 4.54086 16.1848 4.69992 16.0675 4.8172L10.8839 10L16.0675 15.1828Z"
              fill="#535357"
            />
          </svg>
        </div>
      </div>
      <div
        class="points-header"
        data-testid="points-header"
      >
        <p
          class="position"
        >
          #
        </p>
        <p
          class="name"
        >
          name
        </p>
        <p
          class="points"
        >
          pt
        </p>
        <p
          class="points"
        >
          w
        </p>
        <p
          class="points"
        >
          l
        </p>
      </div>
      <div
        class="details"
        data-testid="details"
      >
        <div
          class="placers-dropdown-menu-item"
          data-testid="menu-item"
        >
          <div
            class="position"
          >
            <svg
              data-testid="placers-logo"
              fill="#0c0c0c"
              height="24"
              viewBox="0 0 24 24"
              width="24"
              xmlns="http://www.w3.org/2000/svg"
            >
              <path
                d="m21.752 6h-2.25v-.75c0-.39782-.1581-.77936-.4394-1.06066s-.6628-.43934-1.0606-.43934h-12.00005c-.39782 0-.77935.15804-1.06066.43934-.2813.2813-.43934.66284-.43934 1.06066v.75h-2.25c-.39782 0-.77935.15804-1.06066.43934-.281302.2813-.439337.66284-.439337 1.06066v1.5c0 .99456.395087 1.9484 1.098347 2.6517.34822.3482.76162.6244 1.21659.8128.45497.1885.94261.2855 1.43506.2855h.34219c.44179 1.4001 1.28416 2.64 2.42297 3.5666 1.13882.9265 2.52417 1.4991 3.98489 1.6468v2.2866h-2.25005c-.19891 0-.38967.079-.53033.2197-.14065.1406-.21967.3314-.21967.5303s.07902.3897.21967.5303c.14066.1407.33142.2197.53033.2197h6.00005c.1989 0 .3896-.079.5303-.2197.1406-.1406.2197-.3314.2197-.5303s-.0791-.3897-.2197-.5303c-.1407-.1407-.3314-.2197-.5303-.2197h-2.25v-2.2894c2.9943-.3028 5.4787-2.4037 6.3825-5.2106h.3675c.9945 0 1.9483-.3951 2.6516-1.0983.7033-.7033 1.0984-1.65714 1.0984-2.6517v-1.5c0-.39782-.1581-.77936-.4394-1.06066s-.6628-.43934-1.0606-.43934zm-17.25005 5.25c-.59673 0-1.16903-.2371-1.59099-.659-.42195-.422-.65901-.99426-.65901-1.591v-1.5h2.25v3c0 .25.01219.5.03657.75zm17.25005-2.25c0 .59674-.2371 1.169-.6591 1.591-.4219.4219-.9942.659-1.5909.659h-.0469c.0308-.2771.0464-.5556.0469-.8344v-2.9156h2.25z"
                fill="#0c0c0c"
              />
            </svg>
            <span>
              1st
            </span>
          </div>
          <div
            class="details"
          >
            <h4>
              Beau Bartlett
            </h4>
            <span>
              CMM (Canon-McMillan)
            </span>
          </div>
          <div
            class="points"
            data-testid="points"
          >
            <span>
              100
            </span>
            <span>
              8
            </span>
            <span>
              2
            </span>
          </div>
        </div>
        <div
          class="placers-dropdown-menu-item"
          data-testid="menu-item"
        >
          <div
            class="position"
          >
            <svg
              data-testid="placers-logo"
              fill="#0c0c0c"
              height="24"
              viewBox="0 0 24 24"
              width="24"
              xmlns="http://www.w3.org/2000/svg"
            >
              <path
                d="m21.752 6h-2.25v-.75c0-.39782-.1581-.77936-.4394-1.06066s-.6628-.43934-1.0606-.43934h-12.00005c-.39782 0-.77935.15804-1.06066.43934-.2813.2813-.43934.66284-.43934 1.06066v.75h-2.25c-.39782 0-.77935.15804-1.06066.43934-.281302.2813-.439337.66284-.439337 1.06066v1.5c0 .99456.395087 1.9484 1.098347 2.6517.34822.3482.76162.6244 1.21659.8128.45497.1885.94261.2855 1.43506.2855h.34219c.44179 1.4001 1.28416 2.64 2.42297 3.5666 1.13882.9265 2.52417 1.4991 3.98489 1.6468v2.2866h-2.25005c-.19891 0-.38967.079-.53033.2197-.14065.1406-.21967.3314-.21967.5303s.07902.3897.21967.5303c.14066.1407.33142.2197.53033.2197h6.00005c.1989 0 .3896-.079.5303-.2197.1406-.1406.2197-.3314.2197-.5303s-.0791-.3897-.2197-.5303c-.1407-.1407-.3314-.2197-.5303-.2197h-2.25v-2.2894c2.9943-.3028 5.4787-2.4037 6.3825-5.2106h.3675c.9945 0 1.9483-.3951 2.6516-1.0983.7033-.7033 1.0984-1.65714 1.0984-2.6517v-1.5c0-.39782-.1581-.77936-.4394-1.06066s-.6628-.43934-1.0606-.43934zm-17.25005 5.25c-.59673 0-1.16903-.2371-1.59099-.659-.42195-.422-.65901-.99426-.65901-1.591v-1.5h2.25v3c0 .25.01219.5.03657.75zm17.25005-2.25c0 .59674-.2371 1.169-.6591 1.591-.4219.4219-.9942.659-1.5909.659h-.0469c.0308-.2771.0464-.5556.0469-.8344v-2.9156h2.25z"
                fill="#0c0c0c"
              />
            </svg>
            <span>
              2nd
            </span>
          </div>
          <div
            class="details"
          >
            <h4>
              Huracan Ramirez
            </h4>
            <span>
              CML (Consejo Mundial de Lucha Libre)
            </span>
          </div>
          <div
            class="points"
            data-testid="points"
          >
            <span>
              100
            </span>
            <span>
              7
            </span>
            <span>
              3
            </span>
          </div>
        </div>
        <div
          class="placers-dropdown-menu-item"
          data-testid="menu-item"
        >
          <div
            class="position"
          >
            <svg
              data-testid="placers-logo"
              fill="#0c0c0c"
              height="24"
              viewBox="0 0 24 24"
              width="24"
              xmlns="http://www.w3.org/2000/svg"
            >
              <path
                d="m21.752 6h-2.25v-.75c0-.39782-.1581-.77936-.4394-1.06066s-.6628-.43934-1.0606-.43934h-12.00005c-.39782 0-.77935.15804-1.06066.43934-.2813.2813-.43934.66284-.43934 1.06066v.75h-2.25c-.39782 0-.77935.15804-1.06066.43934-.281302.2813-.439337.66284-.439337 1.06066v1.5c0 .99456.395087 1.9484 1.098347 2.6517.34822.3482.76162.6244 1.21659.8128.45497.1885.94261.2855 1.43506.2855h.34219c.44179 1.4001 1.28416 2.64 2.42297 3.5666 1.13882.9265 2.52417 1.4991 3.98489 1.6468v2.2866h-2.25005c-.19891 0-.38967.079-.53033.2197-.14065.1406-.21967.3314-.21967.5303s.07902.3897.21967.5303c.14066.1407.33142.2197.53033.2197h6.00005c.1989 0 .3896-.079.5303-.2197.1406-.1406.2197-.3314.2197-.5303s-.0791-.3897-.2197-.5303c-.1407-.1407-.3314-.2197-.5303-.2197h-2.25v-2.2894c2.9943-.3028 5.4787-2.4037 6.3825-5.2106h.3675c.9945 0 1.9483-.3951 2.6516-1.0983.7033-.7033 1.0984-1.65714 1.0984-2.6517v-1.5c0-.39782-.1581-.77936-.4394-1.06066s-.6628-.43934-1.0606-.43934zm-17.25005 5.25c-.59673 0-1.16903-.2371-1.59099-.659-.42195-.422-.65901-.99426-.65901-1.591v-1.5h2.25v3c0 .25.01219.5.03657.75zm17.25005-2.25c0 .59674-.2371 1.169-.6591 1.591-.4219.4219-.9942.659-1.5909.659h-.0469c.0308-.2771.0464-.5556.0469-.8344v-2.9156h2.25z"
                fill="#0c0c0c"
              />
            </svg>
            <span>
              3rd
            </span>
          </div>
          <div
            class="details"
          >
            <h4>
              Bruce Wayne
            </h4>
            <span>
              GOT (Gotham)
            </span>
          </div>
          <div
            class="points"
            data-testid="points"
          >
            <span>
              100
            </span>
            <span>
              6
            </span>
            <span>
              4
            </span>
          </div>
        </div>
        <div
          class="placers-dropdown-menu-item"
          data-testid="menu-item"
        >
          <div
            class="position"
          >
            <svg
              data-testid="placers-logo"
              fill="#0c0c0c"
              height="24"
              viewBox="0 0 24 24"
              width="24"
              xmlns="http://www.w3.org/2000/svg"
            >
              <path
                d="m21.752 6h-2.25v-.75c0-.39782-.1581-.77936-.4394-1.06066s-.6628-.43934-1.0606-.43934h-12.00005c-.39782 0-.77935.15804-1.06066.43934-.2813.2813-.43934.66284-.43934 1.06066v.75h-2.25c-.39782 0-.77935.15804-1.06066.43934-.281302.2813-.439337.66284-.439337 1.06066v1.5c0 .99456.395087 1.9484 1.098347 2.6517.34822.3482.76162.6244 1.21659.8128.45497.1885.94261.2855 1.43506.2855h.34219c.44179 1.4001 1.28416 2.64 2.42297 3.5666 1.13882.9265 2.52417 1.4991 3.98489 1.6468v2.2866h-2.25005c-.19891 0-.38967.079-.53033.2197-.14065.1406-.21967.3314-.21967.5303s.07902.3897.21967.5303c.14066.1407.33142.2197.53033.2197h6.00005c.1989 0 .3896-.079.5303-.2197.1406-.1406.2197-.3314.2197-.5303s-.0791-.3897-.2197-.5303c-.1407-.1407-.3314-.2197-.5303-.2197h-2.25v-2.2894c2.9943-.3028 5.4787-2.4037 6.3825-5.2106h.3675c.9945 0 1.9483-.3951 2.6516-1.0983.7033-.7033 1.0984-1.65714 1.0984-2.6517v-1.5c0-.39782-.1581-.77936-.4394-1.06066s-.6628-.43934-1.0606-.43934zm-17.25005 5.25c-.59673 0-1.16903-.2371-1.59099-.659-.42195-.422-.65901-.99426-.65901-1.591v-1.5h2.25v3c0 .25.01219.5.03657.75zm17.25005-2.25c0 .59674-.2371 1.169-.6591 1.591-.4219.4219-.9942.659-1.5909.659h-.0469c.0308-.2771.0464-.5556.0469-.8344v-2.9156h2.25z"
                fill="#0c0c0c"
              />
            </svg>
            <span>
              4th
            </span>
          </div>
          <div
            class="details"
          >
            <h4>
              John Wick
            </h4>
            <span>
              WIMD (Where is my dog?)
            </span>
          </div>
          <div
            class="points"
            data-testid="points"
          >
            <span>
              100
            </span>
            <span>
              5
            </span>
            <span>
              5
            </span>
          </div>
        </div>
      </div>
    </div>
  </div>
</div>
`;
